<!doctype html>
<html lang="en">
<head>
<title>Source code</title>
<link rel="stylesheet" type="text/css" href="../../../../../stylesheet.css" title="Style">
<link rel="stylesheet" type="text/css" href="../../../../../fancydoc/fancydoc.css">
<script type="text/javascript" src="../../../../../fancydoc/prism/prism.js"></script>
</head>
<body>
<main role="main">
<div class="sourceContainer">
<pre><code class="language-java line-numbers"><a id="line.1">package dev.lajoscseppento.fancydoc.example;</a>
<a id="line.2"></a>
<a id="line.3">/** Example library, generated by Gradle. */</a>
<a id="line.4">public class Library {</a>
<a id="line.5">  /**</a>
<a id="line.6">   * Example method.</a>
<a id="line.7">   *</a>
<a id="line.8">   * @return always {@code true}</a>
<a id="line.9">   */</a>
<a id="line.10">  public boolean someLibraryMethod() {</a>
<a id="line.11">    return true;</a>
<a id="line.12">  }</a>
<a id="line.13">}</a></code>




























































</pre>
</div>
</main>

</body></html>
